// Jest Snapshot v1, https://goo.gl/fbAQLP

exports[`<Me/> should render correctly when logged in 1`] = `
<h2
  className="user"
>
  Miss Hilda Fahey
</h2>
`;

exports[`<Me/> should render correctly when logged in 2`] = `
<h3
  className="email"
>
  Satterfield.Horacio@gmail.com
</h3>
`;

exports[`<Me/> should render correctly when logged in 3`] = `
<p
  className="balance"
>
  You have 
  100,000
   CR in your wallet
</p>
`;
